// Jest Snapshot v1, https://goo.gl/fbAQLP

exports[`Main component tests Check Main Component Render 1`] = `null`;
