// Jest Snapshot v1, https://goo.gl/fbAQLP

exports[`NotFound component tests Check NotFound Component Render 1`] = `
<div
  className="container-fluid"
>
  <h1>
    404 Page Not Found
  </h1>
</div>
`;
