// Jest Snapshot v1, https://goo.gl/fbAQLP

exports[`Routes component tests Check Routes Component Render 1`] = `
<div
  className="wrapper"
>
  <div
    className="navigation"
  >
    <div
      className="navigation-logo"
    >
      <nav
        className="navbar navbar-default"
      >
        <div
          className="container-fluid"
        >
          <div
            className="navbar-header"
          >
            <button
              aria-expanded="false"
              className="navbar-toggle collapsed"
              data-target="#nav-logo"
              data-toggle="collapse"
              type="button"
            >
              <span
                className="sr-only"
              >
                Toggle navigation
              </span>
              <span
                className="icon-bar"
              />
              <span
                className="icon-bar"
              />
              <span
                className="icon-bar"
              />
            </button>
            <a
              className="navbar-brand"
              href="/"
            >
              <span>
                Brand
              </span>
            </a>
          </div>
          <div
            className="collapse navbar-collapse"
            id="nav-logo"
          >
            <ul
              className="nav navbar-nav navbar-right"
            >
              <li
                className="hidden-md hidden-lg"
              >
                <a
                  href="/"
                  onClick={[Function]}
                >
                  Brand
                </a>
              </li>
              <li>
                <a
                  href="#"
                  onClick={[Function]}
                >
                  Sign in
                </a>
              </li>
            </ul>
          </div>
        </div>
      </nav>
    </div>
    <div
      className="navigation"
    >
      <nav
        className="navbar navbar-default"
      >
        <div
          className="container-fluid"
        >
          <div
            className="navbar-header"
          >
            <a
              className="navbar-brand hidden-xs hidden-sm"
              href="/"
              onClick={[Function]}
            >
              React-Redux Starer
            </a>
          </div>
          <div
            className="collapse navbar-collapse"
            id="nav"
          >
            
          </div>
        </div>
      </nav>
    </div>
  </div>
  <div
    className="container-fluid"
  >
    <h1>
      404 Page Not Found
    </h1>
  </div>
  <div
    className="push"
  />
  <footer>
    <div
      className="container-fluid footer"
    >
      <div
        className="row"
      >
        <div
          className="col-md-12"
        >
          <ul
            className="pull-right list-unstyled"
          >
            <li>
              <a
                href=""
              >
                Contact us
              </a>
            </li>
            <li>
              Â© Microsoft 
              2018
            </li>
          </ul>
        </div>
      </div>
    </div>
  </footer>
</div>
`;
